embeddings.norm.weight [1024]
embeddings.tok_embeddings.weight [50368, 1024]
final_norm.weight [1024]
layers.0.attn.Wo.weight [1024, 1024]
layers.0.attn.Wqkv.weight [3072, 1024]
layers.0.mlp.Wi.weight [5248, 1024]
layers.0.mlp.Wo.weight [1024, 2624]
layers.0.mlp_norm.weight [1024]
layers.1.attn.Wo.weight [1024, 1024]
layers.1.attn.Wqkv.weight [3072, 1024]
layers.1.attn_norm.weight [1024]
layers.1.mlp.Wi.weight [5248, 1024]
layers.1.mlp.Wo.weight [1024, 2624]
layers.1.mlp_norm.weight [1024]
layers.10.attn.Wo.weight [1024, 1024]
layers.10.attn.Wqkv.weight [3072, 1024]
layers.10.attn_norm.weight [1024]
layers.10.mlp.Wi.weight [5248, 1024]
layers.10.mlp.Wo.weight [1024, 2624]
layers.10.mlp_norm.weight [1024]
layers.11.attn.Wo.weight [1024, 1024]
layers.11.attn.Wqkv.weight [3072, 1024]
layers.11.attn_norm.weight [1024]
layers.11.mlp.Wi.weight [5248, 1024]
layers.11.mlp.Wo.weight [1024, 2624]
layers.11.mlp_norm.weight [1024]
layers.12.attn.Wo.weight [1024, 1024]
layers.12.attn.Wqkv.weight [3072, 1024]
layers.12.attn_norm.weight [1024]
layers.12.mlp.Wi.weight [5248, 1024]
layers.12.mlp.Wo.weight [1024, 2624]
layers.12.mlp_norm.weight [1024]
layers.13.attn.Wo.weight [1024, 1024]
layers.13.attn.Wqkv.weight [3072, 1024]
layers.13.attn_norm.weight [1024]
layers.13.mlp.Wi.weight [5248, 1024]
layers.13.mlp.Wo.weight [1024, 2624]
layers.13.mlp_norm.weight [1024]
layers.14.attn.Wo.weight [1024, 1024]
layers.14.attn.Wqkv.weight [3072, 1024]
layers.14.attn_norm.weight [1024]
layers.14.mlp.Wi.weight [5248, 1024]
layers.14.mlp.Wo.weight [1024, 2624]
layers.14.mlp_norm.weight [1024]
layers.15.attn.Wo.weight [1024, 1024]
layers.15.attn.Wqkv.weight [3072, 1024]
layers.15.attn_norm.weight [1024]
layers.15.mlp.Wi.weight [5248, 1024]
layers.15.mlp.Wo.weight [1024, 2624]
layers.15.mlp_norm.weight [1024]
layers.16.attn.Wo.weight [1024, 1024]
layers.16.attn.Wqkv.weight [3072, 1024]
layers.16.attn_norm.weight [1024]
layers.16.mlp.Wi.weight [5248, 1024]
layers.16.mlp.Wo.weight [1024, 2624]
layers.16.mlp_norm.weight [1024]
layers.17.attn.Wo.weight [1024, 1024]
layers.17.attn.Wqkv.weight [3072, 1024]
layers.17.attn_norm.weight [1024]
layers.17.mlp.Wi.weight [5248, 1024]
layers.17.mlp.Wo.weight [1024, 2624]
layers.17.mlp_norm.weight [1024]
layers.18.attn.Wo.weight [1024, 1024]
layers.18.attn.Wqkv.weight [3072, 1024]
layers.18.attn_norm.weight [1024]
layers.18.mlp.Wi.weight [5248, 1024]
layers.18.mlp.Wo.weight [1024, 2624]
layers.18.mlp_norm.weight [1024]
layers.19.attn.Wo.weight [1024, 1024]
layers.19.attn.Wqkv.weight [3072, 1024]
layers.19.attn_norm.weight [1024]
layers.19.mlp.Wi.weight [5248, 1024]
layers.19.mlp.Wo.weight [1024, 2624]
layers.19.mlp_norm.weight [1024]
layers.2.attn.Wo.weight [1024, 1024]
layers.2.attn.Wqkv.weight [3072, 1024]
layers.2.attn_norm.weight [1024]
layers.2.mlp.Wi.weight [5248, 1024]
layers.2.mlp.Wo.weight [1024, 2624]
layers.2.mlp_norm.weight [1024]
layers.20.attn.Wo.weight [1024, 1024]
layers.20.attn.Wqkv.weight [3072, 1024]
layers.20.attn_norm.weight [1024]
layers.20.mlp.Wi.weight [5248, 1024]
layers.20.mlp.Wo.weight [1024, 2624]
layers.20.mlp_norm.weight [1024]
layers.21.attn.Wo.weight [1024, 1024]
layers.21.attn.Wqkv.weight [3072, 1024]
layers.21.attn_norm.weight [1024]
layers.21.mlp.Wi.weight [5248, 1024]
layers.21.mlp.Wo.weight [1024, 2624]
layers.21.mlp_norm.weight [1024]
layers.22.attn.Wo.weight [1024, 1024]
layers.22.attn.Wqkv.weight [3072, 1024]
layers.22.attn_norm.weight [1024]
layers.22.mlp.Wi.weight [5248, 1024]
layers.22.mlp.Wo.weight [1024, 2624]
layers.22.mlp_norm.weight [1024]
layers.23.attn.Wo.weight [1024, 1024]
layers.23.attn.Wqkv.weight [3072, 1024]
layers.23.attn_norm.weight [1024]
layers.23.mlp.Wi.weight [5248, 1024]
layers.23.mlp.Wo.weight [1024, 2624]
layers.23.mlp_norm.weight [1024]
layers.24.attn.Wo.weight [1024, 1024]
layers.24.attn.Wqkv.weight [3072, 1024]
layers.24.attn_norm.weight [1024]
layers.24.mlp.Wi.weight [5248, 1024]
layers.24.mlp.Wo.weight [1024, 2624]
layers.24.mlp_norm.weight [1024]
layers.25.attn.Wo.weight [1024, 1024]
layers.25.attn.Wqkv.weight [3072, 1024]
layers.25.attn_norm.weight [1024]
layers.25.mlp.Wi.weight [5248, 1024]
layers.25.mlp.Wo.weight [1024, 2624]
layers.25.mlp_norm.weight [1024]
layers.26.attn.Wo.weight [1024, 1024]
layers.26.attn.Wqkv.weight [3072, 1024]
layers.26.attn_norm.weight [1024]
layers.26.mlp.Wi.weight [5248, 1024]
layers.26.mlp.Wo.weight [1024, 2624]
layers.26.mlp_norm.weight [1024]
layers.27.attn.Wo.weight [1024, 1024]
layers.27.attn.Wqkv.weight [3072, 1024]
layers.27.attn_norm.weight [1024]
layers.27.mlp.Wi.weight [5248, 1024]
layers.27.mlp.Wo.weight [1024, 2624]
layers.27.mlp_norm.weight [1024]
layers.3.attn.Wo.weight [1024, 1024]
layers.3.attn.Wqkv.weight [3072, 1024]
layers.3.attn_norm.weight [1024]
layers.3.mlp.Wi.weight [5248, 1024]
layers.3.mlp.Wo.weight [1024, 2624]
layers.3.mlp_norm.weight [1024]
layers.4.attn.Wo.weight [1024, 1024]
layers.4.attn.Wqkv.weight [3072, 1024]
layers.4.attn_norm.weight [1024]
layers.4.mlp.Wi.weight [5248, 1024]
layers.4.mlp.Wo.weight [1024, 2624]
layers.4.mlp_norm.weight [1024]
layers.5.attn.Wo.weight [1024, 1024]
layers.5.attn.Wqkv.weight [3072, 1024]
layers.5.attn_norm.weight [1024]
layers.5.mlp.Wi.weight [5248, 1024]
layers.5.mlp.Wo.weight [1024, 2624]
layers.5.mlp_norm.weight [1024]
layers.6.attn.Wo.weight [1024, 1024]
layers.6.attn.Wqkv.weight [3072, 1024]
layers.6.attn_norm.weight [1024]
layers.6.mlp.Wi.weight [5248, 1024]
layers.6.mlp.Wo.weight [1024, 2624]
layers.6.mlp_norm.weight [1024]
layers.7.attn.Wo.weight [1024, 1024]
layers.7.attn.Wqkv.weight [3072, 1024]
layers.7.attn_norm.weight [1024]
layers.7.mlp.Wi.weight [5248, 1024]
layers.7.mlp.Wo.weight [1024, 2624]
layers.7.mlp_norm.weight [1024]
layers.8.attn.Wo.weight [1024, 1024]
layers.8.attn.Wqkv.weight [3072, 1024]
layers.8.attn_norm.weight [1024]
layers.8.mlp.Wi.weight [5248, 1024]
layers.8.mlp.Wo.weight [1024, 2624]
layers.8.mlp_norm.weight [1024]
layers.9.attn.Wo.weight [1024, 1024]
layers.9.attn.Wqkv.weight [3072, 1024]
layers.9.attn_norm.weight [1024]
layers.9.mlp.Wi.weight [5248, 1024]
layers.9.mlp.Wo.weight [1024, 2624]
layers.9.mlp_norm.weight [1024]
embeddings.tok_embeddings.weight
================
modernbert_large================

shape (Vxd) (V lines for d columns): 50368x1024
V (vocabulary): 50368
d (dim): 1024
V/d (proportion between size of vocab and dim. Quantify how the vocab is larger than vetorial space): 49.2
mean norm: 2.1253  (sd 0.2353)
centroid norm: 0.4239
measure I(W) in raw matrix
[[ 0.07996736 -0.01925365 -0.0033385  ... -0.19947973 -0.16998433
   0.01953068]
 [ 0.00512383  0.02228764  0.00060335 ... -0.02926483 -0.00698903
  -0.03152658]
 [ 0.00433996 -0.01179882  0.13712357 ...  0.034257   -0.05874343
  -0.0119905 ]
 ...
 [ 0.00041634 -0.00109179  0.00477185 ... -0.00765629 -0.0081005
  -0.00466256]
 [ 0.00037268 -0.00120539  0.00477105 ... -0.00772499 -0.00796269
  -0.00471263]
 [ 0.0008409  -0.00075585  0.00496049 ... -0.00729592 -0.0083649
  -0.00502425]]
I(W) = 0.6208
I(W) 2 = 0.4370
measuring I(W) for mean centered matrix (Bis et al. 2021)
[[ 0.08438142 -0.02098937 -0.00344427 ... -0.18305535 -0.17012199
   0.01932935]
 [ 0.00953789  0.02055192  0.00049758 ... -0.01284045 -0.0071267
  -0.03172791]
 [ 0.00875403 -0.01353454  0.1370178  ...  0.05068138 -0.0588811
  -0.01219183]
 ...
 [ 0.00483041 -0.00282751  0.00466608 ...  0.00876809 -0.00823817
  -0.00486389]
 [ 0.00478674 -0.00294111  0.00466528 ...  0.00869939 -0.00810036
  -0.00491396]
 [ 0.00525497 -0.00249157  0.00485471 ...  0.00912846 -0.00850257
  -0.00522558]]
I(W centered) = 0.9649
I(W centered) 2 = 0.9589
=========================================
isotropic reference -> same shape and norm
[[ 0.01113441 -0.01169894  0.05671453 ...  0.04516036 -0.09520639
  -0.02960782]
 [ 0.01185862  0.03953394 -0.01915455 ... -0.01336779  0.00456928
   0.0075347 ]
 [ 0.054936    0.00856808  0.02184089 ... -0.00857478 -0.03016458
   0.03702974]
 ...
 [ 0.00043077 -0.01348889  0.0187003  ... -0.00374088 -0.01333157
  -0.01639395]
 [-0.01545997  0.02179811 -0.00085386 ... -0.00149999 -0.01654567
   0.00280004]
 [-0.01184667  0.00277984 -0.00984751 ... -0.02210567 -0.02103417
   0.01959104]]
I(W reference) = 0.9975
I(W reference) 2 = 0.9974
=========================================
plots
modernbert_large input
2 axis (d=2) covers 5.8% of variance
=========================================
====== MY REPORT CODE ============
==========================================================================
 modernbert_large | embeddings.tok_embeddings.weight | 50368 x 1024
==========================================================================

=== EMBEDDING "CLOUD" SHAPE ===

rows mean norm=  2.1253  (dp 0.2353)
mean norm of vector ||w_bar|| =   0.4239
relative displacement ||w_bar||/mean norm=  0.1994
mean angle between one token and mean vector:     78.5 degrees
mean cosine between tokens pairs =   0.0416

=== PARTITION FUNCTION (I(W)) ===

Z(c) = sum exp(<c,wi>) about the 50368 tokens. c travesers the 1024 eigenvectors of W^T W.

                                                    c = +v   c = +v e -v
    I(W) on the original matrix                     0.6208        0.4370
    I(W) on matrix - mean vector                    0.9649        0.9589
    I(W) with noise and same norms                  0.9975        0.9974
    predict value by exp(-k*||w_bar||)              0.6545        0.4284
None
====== MACHINA ORIGINAL CODE ============
50368 1024
==========================================================================
modernbert_large | 50368x1024
==========================================================================
partition_function.compute_IW
I(W), matrix in float32: 0.620773
I(W), matrix in float64: 0.620773
difference between them: 7.13e-08
compute_both_IW, 1 signal: 0.620773
dif for compute_both_IW: 3.22e-15

I(W centered), float64: 0.964931
my Wc1: 0.964931

 Machina cosine_improvement.fast_cosine


Fast Cosine took 0.01 seconds
mean cossine, 50368 tokens : 0.041609

Fast Cosine took 0.00 seconds

Slow cosine took 0.56 seconds

conference in a sample of 10000 tokens:
fast_cosine (O(n)): 0.042650
slow_cosine (O(n^2)): 0.042650
difference: 7.45e-09
mean cosine: 0.0416
relative displacement^2 : 0.0398
mean angle between two random tokens: 87.6 degrees
==========================================================================
{'modelo': 'modernbert_large', 'IW_machina_fp32': 0.6207733750343323, 'IW_machina_fp64': 0.6207733037444991, 'cos_medio': 0.04160909727215767, 'cos_amostra_fast': 0.042650334537029266, 'cos_amostra_slow': 0.04265034198760986}
